// Jest Snapshot v1, https://goo.gl/fbAQLP

exports[`GraphContainer should render correctly given the required props 1`] = `
<GraphDiv>
  <Tooltip
    color="#ff0"
    metric="metric A"
    time="20"
    value="134"
    x={100}
    y={200}
  />
  <GraphSvg
    height={495}
    onMouseMove={[MockFunction]}
    width={735}
  >
    <g
      transform="translate(80, 0)"
    >
      <Axis
        margin={
          Object {
            "marginBottom": 45,
            "marginLeft": 80,
            "marginRight": 5,
            "marginTop": 30,
          }
        }
        scales={
          Object {
            "xScale": [Function],
            "yScale": [Function],
          }
        }
        svgDimensions={
          Object {
            "height": 450,
            "width": 650,
          }
        }
      />
      <AxisLabel
        dy="1rem"
        label="Values"
        transform="rotate(-90)"
        x={-225}
        y={-75}
      />
      <AxisLabel
        dy={null}
        label="Times"
        transform={null}
        x={240}
        y={455}
      />
      <Lines
        marginLeft={80}
        metrics={
          Array [
            Object {
              "color": "#4EAF63",
              "dataset": Array [
                Object {
                  "time": 0,
                  "value": 10,
                },
                Object {
                  "time": 5,
                  "value": 39,
                },
                Object {
                  "time": 10,
                  "value": 50,
                },
                Object {
                  "time": 15,
                  "value": 130,
                },
              ],
              "metric": "metric A",
              "path": "M80,395.38461538461536C142.77777777777777,383.076923076923,205.55555555555554,370.7692307692308,268.33333333333337,367.5C331.1111111111112,364.2307692307692,393.8888888888889,370,456.6666666666667,356.92307692307696C519.4444444444445,343.8461538461539,582.2222222222222,311.923076923077,645,280.00000000000006",
            },
            Object {
              "color": "#EC624F",
              "dataset": Array [
                Object {
                  "time": 0,
                  "value": 0,
                },
                Object {
                  "time": 5,
                  "value": 24,
                },
                Object {
                  "time": 10,
                  "value": 43,
                },
                Object {
                  "time": 15,
                  "value": 390,
                },
              ],
              "metric": "metric B",
              "path": "M80,405C142.77777777777777,389.87179487179486,205.55555555555554,374.74358974358984,268.33333333333337,381.92307692307696C331.1111111111112,389.1025641025641,393.8888888888889,418.5897435897436,456.6666666666667,363.65384615384613C519.4444444444445,308.7179487179487,582.2222222222222,169.35897435897434,645,30",
            },
          ]
        }
        onHover={[MockFunction]}
        scales={
          Object {
            "xScale": [Function],
            "yScale": [Function],
          }
        }
        transform="translate(-80, 0)"
      />
    </g>
  </GraphSvg>
</GraphDiv>
`;
