// Jest Snapshot v1, https://goo.gl/fbAQLP

exports[`LinesPoints should render correctly given the required props 1`] = `
<g
  fill="red"
>
  <circle
    cx={NaN}
    key="5fcd0c6d-fe7b-4972-8afd-2c436b2e7b8e"
    onBlur={[Function]}
    onFocus={[Function]}
    onMouseOut={[Function]}
    onMouseOver={[Function]}
    r="3"
    stroke="#fff"
  />
  <circle
    cx={NaN}
    key="85204f5b-94d1-4b65-9e6d-35687fa08a2a"
    onBlur={[Function]}
    onFocus={[Function]}
    onMouseOut={[Function]}
    onMouseOver={[Function]}
    r="3"
    stroke="#fff"
  />
</g>
`;
